#-----------------------------------------------------------
# Webtalk v2020.2 (64-bit)
# SW Build 3064766 on Wed Nov 18 09:12:45 MST 2020
# IP Build 3064653 on Wed Nov 18 14:17:31 MST 2020
# Start of session at: Wed May  3 13:17:45 2023
# Process ID: 5676
# Current directory: C:/Users/evech/OneDrive/Bureau/formation FPGA AVRIL 2023/projets- TP-TD/subtractor/subtractor.sim/subtractor_tb/behav/xsim
# Command line: wbtcv.exe -mode batch -source C:/Users/evech/OneDrive/Bureau/formation FPGA AVRIL 2023/projets- TP-TD/subtractor/subtractor.sim/subtractor_tb/behav/xsim/xsim.dir/testbench_full_subtractor_behav/webtalk/xsim_webtalk.tcl -notrace
# Log file: C:/Users/evech/OneDrive/Bureau/formation FPGA AVRIL 2023/projets- TP-TD/subtractor/subtractor.sim/subtractor_tb/behav/xsim/webtalk.log
# Journal file: C:/Users/evech/OneDrive/Bureau/formation FPGA AVRIL 2023/projets- TP-TD/subtractor/subtractor.sim/subtractor_tb/behav/xsim\webtalk.jou
#-----------------------------------------------------------
source C:/Users/evech/OneDrive/Bureau/formation -notrace
